// Jest Snapshot v1, https://goo.gl/fbAQLP

exports[`Renders App Component Correctly 1`] = `
<div
  className="App"
>
  <header
    className="AppHeader"
  >
    <nav
      className="desktopOnly"
    >
      <Navigation />
    </nav>
    <nav>
      <div
        className="mobileOnly"
        onClick={[Function]}
      >
        <Icon
          color="white"
          horizontal={false}
          path="M3,6H21V8H3V6M3,11H21V13H3V11M3,16H21V18H3V16Z"
          rotate={0}
          size={2}
          spin={false}
          vertical={false}
        />
      </div>
    </nav>
  </header>
  <div
    className="MainContent"
  >
    <Switch>
      <Route
        component={[Function]}
        exact={true}
        path="/"
      />
      <Route
        component={[Function]}
        exact={true}
        path="/blog/search"
      />
      <Route
        component={[Function]}
        path="/blog"
      />
      <Route
        component={[Function]}
        path="/map"
      />
      <Redirect
        to="/"
      />
    </Switch>
  </div>
  <Footer />
</div>
`;
